Archive member included to satisfy reference by file (symbol)

c:/users/admin/appdata/roaming/xpacks/@xpack-dev-tools/arm-none-eabi-gcc/12.2.1-1.2.1/.content/bin/../lib/gcc/arm-none-eabi/12.2.1/../../../../arm-none-eabi/lib/thumb/v7-m/nofp\libg_nano.a(libc_a-sprintf.o)
                              ./src/main.o (sprintf)
c:/users/admin/appdata/roaming/xpacks/@xpack-dev-tools/arm-none-eabi-gcc/12.2.1-1.2.1/.content/bin/../lib/gcc/arm-none-eabi/12.2.1/../../../../arm-none-eabi/lib/thumb/v7-m/nofp\libg_nano.a(libc_a-vsnprintf.o)
                              ./system/src/diag/trace.o (vsnprintf)
c:/users/admin/appdata/roaming/xpacks/@xpack-dev-tools/arm-none-eabi-gcc/12.2.1-1.2.1/.content/bin/../lib/gcc/arm-none-eabi/12.2.1/../../../../arm-none-eabi/lib/thumb/v7-m/nofp\libg_nano.a(libc_a-memset.o)
                              ./src/main.o (memset)
c:/users/admin/appdata/roaming/xpacks/@xpack-dev-tools/arm-none-eabi-gcc/12.2.1-1.2.1/.content/bin/../lib/gcc/arm-none-eabi/12.2.1/../../../../arm-none-eabi/lib/thumb/v7-m/nofp\libg_nano.a(libc_a-impure.o)
                              c:/users/admin/appdata/roaming/xpacks/@xpack-dev-tools/arm-none-eabi-gcc/12.2.1-1.2.1/.content/bin/../lib/gcc/arm-none-eabi/12.2.1/../../../../arm-none-eabi/lib/thumb/v7-m/nofp\libg_nano.a(libc_a-sprintf.o) (_impure_ptr)
c:/users/admin/appdata/roaming/xpacks/@xpack-dev-tools/arm-none-eabi-gcc/12.2.1-1.2.1/.content/bin/../lib/gcc/arm-none-eabi/12.2.1/../../../../arm-none-eabi/lib/thumb/v7-m/nofp\libg_nano.a(libc_a-errno.o)
                              ./system/src/newlib/sbrk.o (__errno)
c:/users/admin/appdata/roaming/xpacks/@xpack-dev-tools/arm-none-eabi-gcc/12.2.1-1.2.1/.content/bin/../lib/gcc/arm-none-eabi/12.2.1/../../../../arm-none-eabi/lib/thumb/v7-m/nofp\libg_nano.a(libc_a-strlen.o)
                              ./system/src/diag/trace.o (strlen)
c:/users/admin/appdata/roaming/xpacks/@xpack-dev-tools/arm-none-eabi-gcc/12.2.1-1.2.1/.content/bin/../lib/gcc/arm-none-eabi/12.2.1/../../../../arm-none-eabi/lib/thumb/v7-m/nofp\libg_nano.a(libc_a-nano-svfprintf.o)
                              c:/users/admin/appdata/roaming/xpacks/@xpack-dev-tools/arm-none-eabi-gcc/12.2.1-1.2.1/.content/bin/../lib/gcc/arm-none-eabi/12.2.1/../../../../arm-none-eabi/lib/thumb/v7-m/nofp\libg_nano.a(libc_a-sprintf.o) (_svfprintf_r)
c:/users/admin/appdata/roaming/xpacks/@xpack-dev-tools/arm-none-eabi-gcc/12.2.1-1.2.1/.content/bin/../lib/gcc/arm-none-eabi/12.2.1/../../../../arm-none-eabi/lib/thumb/v7-m/nofp\libg_nano.a(libc_a-nano-vfprintf_i.o)
                              c:/users/admin/appdata/roaming/xpacks/@xpack-dev-tools/arm-none-eabi-gcc/12.2.1-1.2.1/.content/bin/../lib/gcc/arm-none-eabi/12.2.1/../../../../arm-none-eabi/lib/thumb/v7-m/nofp\libg_nano.a(libc_a-nano-svfprintf.o) (_printf_i)
c:/users/admin/appdata/roaming/xpacks/@xpack-dev-tools/arm-none-eabi-gcc/12.2.1-1.2.1/.content/bin/../lib/gcc/arm-none-eabi/12.2.1/../../../../arm-none-eabi/lib/thumb/v7-m/nofp\libg_nano.a(libc_a-memmove.o)
                              c:/users/admin/appdata/roaming/xpacks/@xpack-dev-tools/arm-none-eabi-gcc/12.2.1-1.2.1/.content/bin/../lib/gcc/arm-none-eabi/12.2.1/../../../../arm-none-eabi/lib/thumb/v7-m/nofp\libg_nano.a(libc_a-nano-svfprintf.o) (memmove)
c:/users/admin/appdata/roaming/xpacks/@xpack-dev-tools/arm-none-eabi-gcc/12.2.1-1.2.1/.content/bin/../lib/gcc/arm-none-eabi/12.2.1/../../../../arm-none-eabi/lib/thumb/v7-m/nofp\libg_nano.a(libc_a-memchr-stub.o)
                              c:/users/admin/appdata/roaming/xpacks/@xpack-dev-tools/arm-none-eabi-gcc/12.2.1-1.2.1/.content/bin/../lib/gcc/arm-none-eabi/12.2.1/../../../../arm-none-eabi/lib/thumb/v7-m/nofp\libg_nano.a(libc_a-nano-svfprintf.o) (memchr)
c:/users/admin/appdata/roaming/xpacks/@xpack-dev-tools/arm-none-eabi-gcc/12.2.1-1.2.1/.content/bin/../lib/gcc/arm-none-eabi/12.2.1/../../../../arm-none-eabi/lib/thumb/v7-m/nofp\libg_nano.a(libc_a-memcpy-stub.o)
                              c:/users/admin/appdata/roaming/xpacks/@xpack-dev-tools/arm-none-eabi-gcc/12.2.1-1.2.1/.content/bin/../lib/gcc/arm-none-eabi/12.2.1/../../../../arm-none-eabi/lib/thumb/v7-m/nofp\libg_nano.a(libc_a-nano-svfprintf.o) (memcpy)
c:/users/admin/appdata/roaming/xpacks/@xpack-dev-tools/arm-none-eabi-gcc/12.2.1-1.2.1/.content/bin/../lib/gcc/arm-none-eabi/12.2.1/../../../../arm-none-eabi/lib/thumb/v7-m/nofp\libg_nano.a(libc_a-freer.o)
                              c:/users/admin/appdata/roaming/xpacks/@xpack-dev-tools/arm-none-eabi-gcc/12.2.1-1.2.1/.content/bin/../lib/gcc/arm-none-eabi/12.2.1/../../../../arm-none-eabi/lib/thumb/v7-m/nofp\libg_nano.a(libc_a-nano-svfprintf.o) (_free_r)
c:/users/admin/appdata/roaming/xpacks/@xpack-dev-tools/arm-none-eabi-gcc/12.2.1-1.2.1/.content/bin/../lib/gcc/arm-none-eabi/12.2.1/../../../../arm-none-eabi/lib/thumb/v7-m/nofp\libg_nano.a(libc_a-mallocr.o)
[...]
Memory Configuration

Name             Origin             Length             Attributes
RAM              0x0000000020000000 0x0000000000005000 xrw
CCMRAM           0x0000000000000000 0x0000000000000000 xrw
FLASH            0x0000000008000000 0x0000000000020000 xr
FLASHB1          0x0000000000000000 0x0000000000000000 xr
EXTMEMB0         0x0000000000000000 0x0000000000000000 xr
EXTMEMB1         0x0000000000000000 0x0000000000000000 xr
EXTMEMB2         0x0000000000000000 0x0000000000000000 xr
EXTMEMB3         0x0000000000000000 0x0000000000000000 xr
MEMORY_ARRAY     0x0000000000000000 0x0000000000000000 xrw
*default*        0x0000000000000000 0xffffffffffffffff

Linker script and memory map

LOAD ./system/src/stm32f1-hal/stm32f1xx_hal.o
LOAD ./system/src/stm32f1-hal/stm32f1xx_hal_cortex.o
LOAD ./system/src/stm32f1-hal/stm32f1xx_hal_flash.o
LOAD ./system/src/stm32f1-hal/stm32f1xx_hal_flash_ex.o
LOAD ./system/src/stm32f1-hal/stm32f1xx_hal_gpio.o
LOAD ./system/src/stm32f1-hal/stm32f1xx_hal_gpio_ex.o
LOAD ./system/src/stm32f1-hal/stm32f1xx_hal_iwdg.o
LOAD ./system/src/stm32f1-hal/stm32f1xx_hal_pwr.o
LOAD ./system/src/stm32f1-hal/stm32f1xx_hal_rcc.o
LOAD ./system/src/newlib/assert.o
LOAD ./system/src/newlib/cxx.o
LOAD ./system/src/newlib/exit.o
LOAD ./system/src/newlib/sbrk.o
LOAD ./system/src/newlib/startup.o
LOAD ./system/src/newlib/syscalls.o
LOAD ./system/src/diag/trace-impl.o
LOAD ./system/src/diag/trace.o
LOAD ./system/src/cortexm/exception-handlers.o
LOAD ./system/src/cortexm/initialize-hardware.o
LOAD ./system/src/cortexm/reset-hardware.o
LOAD ./system/src/cmsis/system_stm32f1xx.o
LOAD ./system/src/cmsis/vectors_stm32f103x6.o
LOAD ./src/CLCD.o
LOAD ./src/initialize-hardware.o
LOAD ./src/main.o
LOAD ./src/stm32f1xx_hal_msp.o
LOAD ./src/timer.o
LOAD ./src/write.o
LOAD c:/users/admin/appdata/roaming/xpacks/@xpack-dev-tools/arm-none-eabi-gcc/12.2.1-1.2.1/.content/bin/../lib/gcc/arm-none-eabi/12.2.1/../../../../arm-none-eabi/lib/thumb/v7-m/nofp\libstdc++_nano.a
LOAD c:/users/admin/appdata/roaming/xpacks/@xpack-dev-tools/arm-none-eabi-gcc/12.2.1-1.2.1/.content/bin/../lib/gcc/arm-none-eabi/12.2.1/../../../../arm-none-eabi/lib/thumb/v7-m/nofp\libm.a
START GROUP
LOAD c:/users/admin/appdata/roaming/xpacks/@xpack-dev-tools/arm-none-eabi-gcc/12.2.1-1.2.1/.content/bin/../lib/gcc/arm-none-eabi/12.2.1/thumb/v7-m/nofp\libgcc.a
LOAD c:/users/admin/appdata/roaming/xpacks/@xpack-dev-tools/arm-none-eabi-gcc/12.2.1-1.2.1/.content/bin/../lib/gcc/arm-none-eabi/12.2.1/../../../../arm-none-eabi/lib/thumb/v7-m/nofp\libg_nano.a
LOAD c:/users/admin/appdata/roaming/xpacks/@xpack-dev-tools/arm-none-eabi-gcc/12.2.1-1.2.1/.content/bin/../lib/gcc/arm-none-eabi/12.2.1/../../../../arm-none-eabi/lib/thumb/v7-m/nofp\libc_nano.a
END GROUP
START GROUP
LOAD c:/users/admin/appdata/roaming/xpacks/@xpack-dev-tools/arm-none-eabi-gcc/12.2.1-1.2.1/.content/bin/../lib/gcc/arm-none-eabi/12.2.1/thumb/v7-m/nofp\libgcc.a
LOAD c:/users/admin/appdata/roaming/xpacks/@xpack-dev-tools/arm-none-eabi-gcc/12.2.1-1.2.1/.content/bin/../lib/gcc/arm-none-eabi/12.2.1/../../../../arm-none-eabi/lib/thumb/v7-m/nofp\libc_nano.a
END GROUP
                0x0000000020005000                __stack = (ORIGIN (RAM) + LENGTH (RAM))
                0x0000000020005000                _estack = __stack
                0x0000000000000400                __Main_Stack_Size = 0x400
                [!provide]                        PROVIDE (_Main_Stack_Size = __Main_Stack_Size)
                0x0000000020004c00                __Main_Stack_Limit = (__stack - __Main_Stack_Size)
                [!provide]                        PROVIDE (_Main_Stack_Limit = __Main_Stack_Limit)
                0x0000000000000100                _Minimum_Stack_Size = 0x100
                0x000000002000019c                PROVIDE (_Heap_Begin = _end_noinit)
                0x0000000020004c00                PROVIDE (_Heap_Limit = (__stack - __Main_Stack_Size))

.isr_vector     0x0000000008000000      0x330
 FILL mask 0xff
                0x0000000008000000                __vectors_start = ABSOLUTE (.)
                0x0000000008000000                __vectors_start__ = ABSOLUTE (.)
 *(.isr_vector)
 .isr_vector    0x0000000008000000       0xec ./system/src/cmsis/vectors_stm32f103x6.o
                0x0000000008000000                __isr_vectors
 *(.cfmconfig)
 *(.after_vectors .after_vectors.*)
 .after_vectors
                0x00000000080000ec      0x114 ./system/src/newlib/startup.o
                0x00000000080000ec                _start
 .after_vectors
                0x0000000008000200      0x12c ./system/src/cortexm/exception-handlers.o
                0x0000000008000200                Reset_Handler
                0x0000000008000206                NMI_Handler
                0x000000000800020a                HardFault_Handler
                0x000000000800021e                HardFault_Handler_C
                0x000000000800027c                MemManage_Handler
                0x0000000008000280                BusFault_Handler
                0x0000000008000294                BusFault_Handler_C
                0x00000000080002c8                UsageFault_Handler
                0x00000000080002dc                UsageFault_Handler_C
                0x0000000008000310                SVC_Handler
                0x0000000008000314                DebugMon_Handler
                0x0000000008000318                PendSV_Handler
 .after_vectors
                0x000000000800032c        0x4 ./system/src/cmsis/vectors_stm32f103x6.o
                0x000000000800032c                RTC_Alarm_IRQHandler
                0x000000000800032c                EXTI2_IRQHandler
                0x000000000800032c                TIM1_CC_IRQHandler
                0x000000000800032c                PVD_IRQHandler
                0x000000000800032c                EXTI3_IRQHandler
                0x000000000800032c                EXTI0_IRQHandler
                0x000000000800032c                ADC1_2_IRQHandler
                0x000000000800032c                SPI1_IRQHandler
                0x000000000800032c                TAMPER_IRQHandler
                0x000000000800032c                DMA1_Channel4_IRQHandler
                0x000000000800032c                RTC_IRQHandler
                0x000000000800032c                DMA1_Channel7_IRQHandler
                0x000000000800032c                CAN1_RX1_IRQHandler
                0x000000000800032c                I2C1_EV_IRQHandler
                0x000000000800032c                DMA1_Channel6_IRQHandler
                0x000000000800032c                TIM3_IRQHandler
                0x000000000800032c                RCC_IRQHandler
                0x000000000800032c                TIM1_TRG_COM_IRQHandler
                0x000000000800032c                DMA1_Channel1_IRQHandler
                0x000000000800032c                Default_Handler
                0x000000000800032c                EXTI15_10_IRQHandler
                0x000000000800032c                EXTI9_5_IRQHandler
                0x000000000800032c                DMA1_Channel5_IRQHandler
                0x000000000800032c                EXTI4_IRQHandler
                0x000000000800032c                USB_LP_CAN1_RX0_IRQHandler
                0x000000000800032c                USB_HP_CAN1_TX_IRQHandler
                0x000000000800032c                DMA1_Channel3_IRQHandler
                0x000000000800032c                TIM1_UP_IRQHandler
                0x000000000800032c                WWDG_IRQHandler
                0x000000000800032c                TIM2_IRQHandler
                0x000000000800032c                TIM1_BRK_IRQHandler
                0x000000000800032c                EXTI1_IRQHandler
                0x000000000800032c                USART2_IRQHandler
                0x000000000800032c                DMA1_Channel2_IRQHandler
                0x000000000800032c                CAN1_SCE_IRQHandler
                0x000000000800032c                FLASH_IRQHandler
                0x000000000800032c                USART1_IRQHandler
                0x000000000800032c                I2C1_ER_IRQHandler
                0x000000000800032c                USBWakeUp_IRQHandler

.inits          0x0000000008000330       0x28
                0x0000000008000330                __data_regions_array_start = .
                0x0000000008000330        0x4 LONG 0x8001c5c LOADADDR (.data)
                0x0000000008000334        0x4 LONG 0x20000000 ADDR (.data)
                0x0000000008000338        0x4 LONG 0x2000006c (ADDR (.data) + SIZEOF (.data))
                0x000000000800033c        0x4 LONG 0x8001c5c LOADADDR (.data_CCMRAM)
                0x0000000008000340        0x4 LONG 0x0 ADDR (.data_CCMRAM)
                0x0000000008000344        0x4 LONG 0x0 (ADDR (.data_CCMRAM) + SIZEOF (.data_CCMRAM))
                0x0000000008000348                __data_regions_array_end = .
                0x0000000008000348                __bss_regions_array_start = .
                0x0000000008000348        0x4 LONG 0x2000006c ADDR (.bss)
                0x000000000800034c        0x4 LONG 0x2000019c (ADDR (.bss) + SIZEOF (.bss))
                0x0000000008000350        0x4 LONG 0x0 ADDR (.bss_CCMRAM)
                0x0000000008000354        0x4 LONG 0x0 (ADDR (.bss_CCMRAM) + SIZEOF (.bss_CCMRAM))
                0x0000000008000358                __bss_regions_array_end = .
 *(.init)
 *(.fini)
                0x0000000008000358                . = ALIGN (0x4)
                0x0000000008000358                PROVIDE (__preinit_array_start = .)
 *(.preinit_array_sysinit .preinit_array_sysinit.*)
 *(.preinit_array_platform .preinit_array_platform.*)
 *(.preinit_array .preinit_array.*)
                0x0000000008000358                PROVIDE (__preinit_array_end = .)
                0x0000000008000358                . = ALIGN (0x4)
                0x0000000008000358                PROVIDE (__init_array_start = .)
 *(SORT_BY_NAME(.init_array.*))
 *(.init_array)
                0x0000000008000358                PROVIDE (__init_array_end = .)
                0x0000000008000358                . = ALIGN (0x4)
                0x0000000008000358                PROVIDE (__fini_array_start = .)
 *(SORT_BY_NAME(.fini_array.*))
 *(.fini_array)
                0x0000000008000358                PROVIDE (__fini_array_end = .)

.flashtext
 *(.flashtext .flashtext.*)

.text           0x0000000008000358     0x1903
 *(.text .text.*)
 .text.HAL_InitTick
                0x0000000008000358       0x4c ./system/src/stm32f1-hal/stm32f1xx_hal.o
                0x0000000008000358                HAL_InitTick
 .text.HAL_Init
                0x00000000080003a4       0x24 ./system/src/stm32f1-hal/stm32f1xx_hal.o
                0x00000000080003a4                HAL_Init
 .text.HAL_IncTick
                0x00000000080003c8       0x18 ./system/src/stm32f1-hal/stm32f1xx_hal.o
                0x00000000080003c8                HAL_IncTick
 .text.HAL_GetTick
                0x00000000080003e0        0xc ./system/src/stm32f1-hal/stm32f1xx_hal.o
                0x00000000080003e0                HAL_GetTick
 .text.HAL_Delay
                0x00000000080003ec       0x28 ./system/src/stm32f1-hal/stm32f1xx_hal.o
                0x00000000080003ec                HAL_Delay
 .text.__NVIC_SetPriority
                0x0000000008000414       0x28 ./system/src/stm32f1-hal/stm32f1xx_hal_cortex.o
 .text.NVIC_EncodePriority
                0x000000000800043c       0x3e ./system/src/stm32f1-hal/stm32f1xx_hal_cortex.o
 *fill*         0x000000000800047a        0x2 
 .text.HAL_NVIC_SetPriorityGrouping
                0x000000000800047c       0x3c ./system/src/stm32f1-hal/stm32f1xx_hal_cortex.o
                0x000000000800047c                HAL_NVIC_SetPriorityGrouping
 .text.HAL_NVIC_SetPriority
                0x00000000080004b8       0x48 ./system/src/stm32f1-hal/stm32f1xx_hal_cortex.o
                0x00000000080004b8                HAL_NVIC_SetPriority
 .text.HAL_SYSTICK_Config
                0x0000000008000500       0x28 ./system/src/stm32f1-hal/stm32f1xx_hal_cortex.o
                0x0000000008000500                HAL_SYSTICK_Config
 .text.HAL_GPIO_Init
                0x0000000008000528      0x358 ./system/src/stm32f1-hal/stm32f1xx_hal_gpio.o
                0x0000000008000528                HAL_GPIO_Init
 .text.HAL_GPIO_WritePin
                0x0000000008000880       0x38 ./system/src/stm32f1-hal/stm32f1xx_hal_gpio.o
                0x0000000008000880                HAL_GPIO_WritePin
 .text._exit    0x00000000080008b8        0x2 ./system/src/newlib/exit.o
                0x00000000080008b8                _exit
 *fill*         0x00000000080008ba        0x2 
 .text._sbrk    0x00000000080008bc       0x44 ./system/src/newlib/sbrk.o
                0x00000000080008bc                _sbrk
 .text.__initialize_args
                0x0000000008000900       0x10 ./system/src/newlib/syscalls.o
                0x0000000008000900                __initialize_args
 .text._trace_write_semihosting_debug
                0x0000000008000910       0x62 ./system/src/diag/trace-impl.o
 .text.trace_write
                0x0000000008000972        0x8 ./system/src/diag/trace-impl.o
                0x0000000008000972                trace_write
 *fill*         0x000000000800097a        0x2 
 .text.trace_printf
                0x000000000800097c       0x34 ./system/src/diag/trace.o
                0x000000000800097c                trace_printf
 .text.dumpExceptionStack
                0x00000000080009b0       0xf4 ./system/src/cortexm/exception-handlers.o
                0x00000000080009b0                dumpExceptionStack
 .text.isSemihosting
                0x0000000008000aa4       0x20 ./system/src/cortexm/exception-handlers.o
                0x0000000008000aa4                isSemihosting
 .text.__initialize_hardware_early
                0x0000000008000ac4       0x18 ./system/src/cortexm/initialize-hardware.o
                0x0000000008000ac4                __initialize_hardware_early
 .text.SystemInit
                0x0000000008000adc        0x2 ./system/src/cmsis/system_stm32f1xx.o
                0x0000000008000adc                SystemInit
 *fill*         0x0000000008000ade        0x2 
 .text.SystemCoreClockUpdate
                0x0000000008000ae0       0x94 ./system/src/cmsis/system_stm32f1xx.o
                0x0000000008000ae0                SystemCoreClockUpdate
 .text.CLCD_Delay
                0x0000000008000b74        0x8 ./src/CLCD.o
 .text.CLCD_Write8
                0x0000000008000b7c       0xba ./src/CLCD.o
 .text.CLCD_Write4
                0x0000000008000c36       0xf2 ./src/CLCD.o
 .text.CLCD_4BIT_Init
                0x0000000008000d28       0xe0 ./src/CLCD.o
                0x0000000008000d28                CLCD_4BIT_Init
 .text.CLCD_SetCursor
                0x0000000008000e08       0x58 ./src/CLCD.o
                0x0000000008000e08                CLCD_SetCursor
 .text.CLCD_WriteChar
                0x0000000008000e60       0x20 ./src/CLCD.o
                0x0000000008000e60                CLCD_WriteChar
 .text.CLCD_WriteString
                0x0000000008000e80       0x1a ./src/CLCD.o
                0x0000000008000e80                CLCD_WriteString
 .text.__initialize_hardware
                0x0000000008000e9a       0x10 ./src/initialize-hardware.o
                0x0000000008000e9a                __initialize_hardware
 *fill*         0x0000000008000eaa        0x2 
 .text.assert_failed
                0x0000000008000eac       0x14 ./src/initialize-hardware.o
                0x0000000008000eac                assert_failed
 .text.MX_ADC1_Init
                0x0000000008000ec0       0x34 ./src/main.o
 .text.MX_GPIO_Init
                0x0000000008000ef4       0x9c ./src/main.o
 .text.SystemClock_Config
                0x0000000008000f90       0x44 ./src/main.o
                0x0000000008000f90                SystemClock_Config
 .text.main     0x0000000008000fd4       0xa8 ./src/main.o
                0x0000000008000fd4                main
 .text.HAL_MspInit
                0x000000000800107c        0x2 ./src/stm32f1xx_hal_msp.o
                0x000000000800107c                HAL_MspInit
 *fill*         0x000000000800107e        0x2 
 .text.timer_tick
                0x0000000008001080       0x14 ./src/timer.o
                0x0000000008001080                timer_tick
 .text.SysTick_Handler
                0x0000000008001094        0xc ./src/timer.o
                0x0000000008001094                SysTick_Handler
 .text.sprintf  0x00000000080010a0       0x40 c:/users/admin/appdata/roaming/xpacks/@xpack-dev-tools/arm-none-eabi-gcc/12.2.1-1.2.1/.content/bin/../lib/gcc/arm-none-eabi/12.2.1/../../../../arm-none-eabi/lib/thumb/v7-m/nofp\libg_nano.a(libc_a-sprintf.o)
                0x00000000080010a0                siprintf
                0x00000000080010a0                sprintf
 .text._vsnprintf_r
                0x00000000080010e0       0x56 c:/users/admin/appdata/roaming/xpacks/@xpack-dev-tools/arm-none-eabi-gcc/12.2.1-1.2.1/.content/bin/../lib/gcc/arm-none-eabi/12.2.1/../../../../arm-none-eabi/lib/thumb/v7-m/nofp\libg_nano.a(libc_a-vsnprintf.o)
                0x00000000080010e0                _vsniprintf_r
                0x00000000080010e0                _vsnprintf_r
 *fill*         0x0000000008001136        0x2 
 .text.vsnprintf
                0x0000000008001138       0x1c c:/users/admin/appdata/roaming/xpacks/@xpack-dev-tools/arm-none-eabi-gcc/12.2.1-1.2.1/.content/bin/../lib/gcc/arm-none-eabi/12.2.1/../../../../arm-none-eabi/lib/thumb/v7-m/nofp\libg_nano.a(libc_a-vsnprintf.o)
                0x0000000008001138                vsniprintf
                0x0000000008001138                vsnprintf
 .text.memset   0x0000000008001154       0x10 c:/users/admin/appdata/roaming/xpacks/@xpack-dev-tools/arm-none-eabi-gcc/12.2.1-1.2.1/.content/bin/../lib/gcc/arm-none-eabi/12.2.1/../../../../arm-none-eabi/lib/thumb/v7-m/nofp\libg_nano.a(libc_a-memset.o)
                0x0000000008001154                memset
 .text.__errno  0x0000000008001164        0xc c:/users/admin/appdata/roaming/xpacks/@xpack-dev-tools/arm-none-eabi-gcc/12.2.1-1.2.1/.content/bin/../lib/gcc/arm-none-eabi/12.2.1/../../../../arm-none-eabi/lib/thumb/v7-m/nofp\libg_nano.a(libc_a-errno.o)
                0x0000000008001164                __errno
 .text.__ssputs_r
                0x0000000008001170       0xb6 c:/users/admin/appdata/roaming/xpacks/@xpack-dev-tools/arm-none-eabi-gcc/12.2.1-1.2.1/.content/bin/../lib/gcc/arm-none-eabi/12.2.1/../../../../arm-none-eabi/lib/thumb/v7-m/nofp\libg_nano.a(libc_a-nano-svfprintf.o)
                0x0000000008001170                __ssputs_r
 *fill*         0x0000000008001226        0x2 
 .text._svfprintf_r
                0x0000000008001228      0x1f8 c:/users/admin/appdata/roaming/xpacks/@xpack-dev-tools/arm-none-eabi-gcc/12.2.1-1.2.1/.content/bin/../lib/gcc/arm-none-eabi/12.2.1/../../../../arm-none-eabi/lib/thumb/v7-m/nofp\libg_nano.a(libc_a-nano-svfprintf.o)
                0x0000000008001228                _svfiprintf_r
                0x0000000008001228                _svfprintf_r
 .text._printf_common
                0x0000000008001420       0xe4 c:/users/admin/appdata/roaming/xpacks/@xpack-dev-tools/arm-none-eabi-gcc/12.2.1-1.2.1/.content/bin/../lib/gcc/arm-none-eabi/12.2.1/../../../../arm-none-eabi/lib/thumb/v7-m/nofp\libg_nano.a(libc_a-nano-vfprintf_i.o)
                0x0000000008001420                _printf_common
 .text._printf_i
                0x0000000008001504      0x258 c:/users/admin/appdata/roaming/xpacks/@xpack-dev-tools/arm-none-eabi-gcc/12.2.1-1.2.1/.content/bin/../lib/gcc/arm-none-eabi/12.2.1/../../../../arm-none-eabi/lib/thumb/v7-m/nofp\libg_nano.a(libc_a-nano-vfprintf_i.o)
                0x0000000008001504                _printf_i
 .text.memmove  0x000000000800175c       0x34 c:/users/admin/appdata/roaming/xpacks/@xpack-dev-tools/arm-none-eabi-gcc/12.2.1-1.2.1/.content/bin/../lib/gcc/arm-none-eabi/12.2.1/../../../../arm-none-eabi/lib/thumb/v7-m/nofp\libg_nano.a(libc_a-memmove.o)
                0x000000000800175c                memmove
 .text.memchr   0x0000000008001790       0x1c c:/users/admin/appdata/roaming/xpacks/@xpack-dev-tools/arm-none-eabi-gcc/12.2.1-1.2.1/.content/bin/../lib/gcc/arm-none-eabi/12.2.1/../../../../arm-none-eabi/lib/thumb/v7-m/nofp\libg_nano.a(libc_a-memchr-stub.o)
                0x0000000008001790                memchr
 .text.memcpy   0x00000000080017ac       0x1c c:/users/admin/appdata/roaming/xpacks/@xpack-dev-tools/arm-none-eabi-gcc/12.2.1-1.2.1/.content/bin/../lib/gcc/arm-none-eabi/12.2.1/../../../../arm-none-eabi/lib/thumb/v7-m/nofp\libg_nano.a(libc_a-memcpy-stub.o)
                0x00000000080017ac                memcpy
 .text._free_r  0x00000000080017c8       0x90 c:/users/admin/appdata/roaming/xpacks/@xpack-dev-tools/arm-none-eabi-gcc/12.2.1-1.2.1/.content/bin/../lib/gcc/arm-none-eabi/12.2.1/../../../../arm-none-eabi/lib/thumb/v7-m/nofp\libg_nano.a(libc_a-freer.o)
                0x00000000080017c8                _free_r
 .text.sbrk_aligned
                0x0000000008001858       0x44 c:/users/admin/appdata/roaming/xpacks/@xpack-dev-tools/arm-none-eabi-gcc/12.2.1-1.2.1/.content/bin/../lib/gcc/arm-none-eabi/12.2.1/../../../../arm-none-eabi/lib/thumb/v7-m/nofp\libg_nano.a(libc_a-mallocr.o)
 .text._malloc_r
                0x000000000800189c       0xf0 c:/users/admin/appdata/roaming/xpacks/@xpack-dev-tools/arm-none-eabi-gcc/12.2.1-1.2.1/.content/bin/../lib/gcc/arm-none-eabi/12.2.1/../../../../arm-none-eabi/lib/thumb/v7-m/nofp\libg_nano.a(libc_a-mallocr.o)
                0x000000000800189c                _malloc_r
 .text.__malloc_lock
                0x000000000800198c        0xc c:/users/admin/appdata/roaming/xpacks/@xpack-dev-tools/arm-none-eabi-gcc/12.2.1-1.2.1/.content/bin/../lib/gcc/arm-none-eabi/12.2.1/../../../../arm-none-eabi/lib/thumb/v7-m/nofp\libg_nano.a(libc_a-mlock.o)
                0x000000000800198c                __malloc_lock
 .text.__malloc_unlock
                0x0000000008001998        0xc c:/users/admin/appdata/roaming/xpacks/@xpack-dev-tools/arm-none-eabi-gcc/12.2.1-1.2.1/.content/bin/../lib/gcc/arm-none-eabi/12.2.1/../../../../arm-none-eabi/lib/thumb/v7-m/nofp\libg_nano.a(libc_a-mlock.o)
                0x0000000008001998                __malloc_unlock
 .text._realloc_r
                0x00000000080019a4       0x5c c:/users/admin/appdata/roaming/xpacks/@xpack-dev-tools/arm-none-eabi-gcc/12.2.1-1.2.1/.content/bin/../lib/gcc/arm-none-eabi/12.2.1/../../../../arm-none-eabi/lib/thumb/v7-m/nofp\libg_nano.a(libc_a-reallocr.o)
                0x00000000080019a4                _realloc_r
 .text._sbrk_r  0x0000000008001a00       0x20 c:/users/admin/appdata/roaming/xpacks/@xpack-dev-tools/arm-none-eabi-gcc/12.2.1-1.2.1/.content/bin/../lib/gcc/arm-none-eabi/12.2.1/../../../../arm-none-eabi/lib/thumb/v7-m/nofp\libg_nano.a(libc_a-sbrkr.o)
                0x0000000008001a00                _sbrk_r
 .text.__retarget_lock_acquire_recursive
                0x0000000008001a20        0x2 c:/users/admin/appdata/roaming/xpacks/@xpack-dev-tools/arm-none-eabi-gcc/12.2.1-1.2.1/.content/bin/../lib/gcc/arm-none-eabi/12.2.1/../../../../arm-none-eabi/lib/thumb/v7-m/nofp\libg_nano.a(libc_a-lock.o)
                0x0000000008001a20                __retarget_lock_acquire_recursive
 .text.__retarget_lock_release_recursive
                0x0000000008001a22        0x2 c:/users/admin/appdata/roaming/xpacks/@xpack-dev-tools/arm-none-eabi-gcc/12.2.1-1.2.1/.content/bin/../lib/gcc/arm-none-eabi/12.2.1/../../../../arm-none-eabi/lib/thumb/v7-m/nofp\libg_nano.a(libc_a-lock.o)
                0x0000000008001a22                __retarget_lock_release_recursive
 .text._malloc_usable_size_r
                0x0000000008001a24       0x10 c:/users/admin/appdata/roaming/xpacks/@xpack-dev-tools/arm-none-eabi-gcc/12.2.1-1.2.1/.content/bin/../lib/gcc/arm-none-eabi/12.2.1/../../../../arm-none-eabi/lib/thumb/v7-m/nofp\libg_nano.a(libc_a-msizer.o)
                0x0000000008001a24                _malloc_usable_size_r
 *(.rodata .rodata.* .constdata .constdata.*)
 .rodata.HAL_NVIC_SetPriorityGrouping.str1.4
                0x0000000008001a34       0x31 ./system/src/stm32f1-hal/stm32f1xx_hal_cortex.o
 *fill*         0x0000000008001a65        0x3 
 .rodata.HAL_GPIO_Init.str1.4
                0x0000000008001a68       0x2f ./system/src/stm32f1-hal/stm32f1xx_hal_gpio.o
 *fill*         0x0000000008001a97        0x1 
 .rodata.dumpExceptionStack.str1.4
                0x0000000008001a98      0x11a ./system/src/cortexm/exception-handlers.o
 *fill*         0x0000000008001bb2        0x2 
 .rodata.str1.4
                0x0000000008001bb4       0x2a ./system/src/cortexm/exception-handlers.o
 *fill*         0x0000000008001bde        0x2 
 .rodata.AHBPrescTable
                0x0000000008001be0       0x10 ./system/src/cmsis/system_stm32f1xx.o
                0x0000000008001be0                AHBPrescTable
 .rodata.assert_failed.str1.4
                0x0000000008001bf0       0x2d ./src/initialize-hardware.o
 *fill*         0x0000000008001c1d        0x3 
 .rodata.main.str1.4
                0x0000000008001c20        0x8 ./src/main.o
 .rodata._svfprintf_r.str1.1
                0x0000000008001c28       0x11 c:/users/admin/appdata/roaming/xpacks/@xpack-dev-tools/arm-none-eabi-gcc/12.2.1-1.2.1/.content/bin/../lib/gcc/arm-none-eabi/12.2.1/../../../../arm-none-eabi/lib/thumb/v7-m/nofp\libg_nano.a(libc_a-nano-svfprintf.o)
 .rodata._printf_i.str1.1
                0x0000000008001c39       0x22 c:/users/admin/appdata/roaming/xpacks/@xpack-dev-tools/arm-none-eabi-gcc/12.2.1-1.2.1/.content/bin/../lib/gcc/arm-none-eabi/12.2.1/../../../../arm-none-eabi/lib/thumb/v7-m/nofp\libg_nano.a(libc_a-nano-vfprintf_i.o)
 *(vtable)
 *(.eh_frame*)
 *(.glue_7)
 .glue_7        0x0000000008001c5b        0x0 linker stubs
 *(.glue_7t)
 .glue_7t       0x0000000008001c5b        0x0 linker stubs

.vfp11_veneer   0x0000000008001c5c        0x0
 .vfp11_veneer  0x0000000008001c5c        0x0 linker stubs

.v4_bx          0x0000000008001c5c        0x0
 .v4_bx         0x0000000008001c5c        0x0 linker stubs

.iplt           0x0000000008001c5c        0x0
 .iplt          0x0000000008001c5c        0x0 ./system/src/stm32f1-hal/stm32f1xx_hal.o

.rel.dyn        0x0000000008001c5c        0x0
 .rel.iplt      0x0000000008001c5c        0x0 ./system/src/stm32f1-hal/stm32f1xx_hal.o

.ARM.extab
 *(.ARM.extab* .gnu.linkonce.armextab.*)
                0x0000000008001c5c                . = ALIGN (0x4)
                0x0000000008001c5c                __exidx_start = .

.ARM.exidx
 *(.ARM.exidx* .gnu.linkonce.armexidx.*)
                0x0000000008001c5c                __exidx_end = .
                0x0000000008001c5c                . = ALIGN (0x4)
                0x0000000008001c5c                _etext = .
                0x0000000008001c5c                __etext = .

.data_CCMRAM    0x0000000000000000        0x0 load address 0x0000000008001c5c
 FILL mask 0xff
 *(.data.CCMRAM .data.CCMRAM.*)
                0x0000000000000000                . = ALIGN (0x4)
                0x0000000008001c5c                _sidata = LOADADDR (.data)

.data           0x0000000020000000       0x6c load address 0x0000000008001c5c
 FILL mask 0xff
                0x0000000020000000                _sdata = .
                0x0000000020000000                __data_start__ = .
 *(.data_begin .data_begin.*)
 .data_begin    0x0000000020000000        0x4 ./system/src/newlib/startup.o
 *(.data .data.*)
 .data.uwTickFreq
                0x0000000020000004        0x1 ./system/src/stm32f1-hal/stm32f1xx_hal.o
                0x0000000020000004                uwTickFreq
 *fill*         0x0000000020000005        0x3 ff
 .data.uwTickPrio
                0x0000000020000008        0x4 ./system/src/stm32f1-hal/stm32f1xx_hal.o
                0x0000000020000008                uwTickPrio
 .data.argv.1   0x000000002000000c        0x8 ./system/src/newlib/syscalls.o
 .data.SystemCoreClock
                0x0000000020000014        0x4 ./system/src/cmsis/system_stm32f1xx.o
                0x0000000020000014                SystemCoreClock
 .data._impure_ptr
                0x0000000020000018        0x4 c:/users/admin/appdata/roaming/xpacks/@xpack-dev-tools/arm-none-eabi-gcc/12.2.1-1.2.1/.content/bin/../lib/gcc/arm-none-eabi/12.2.1/../../../../arm-none-eabi/lib/thumb/v7-m/nofp\libg_nano.a(libc_a-impure.o)
                0x0000000020000018                _impure_ptr
 .data._impure_data
                0x000000002000001c       0x4c c:/users/admin/appdata/roaming/xpacks/@xpack-dev-tools/arm-none-eabi-gcc/12.2.1-1.2.1/.content/bin/../lib/gcc/arm-none-eabi/12.2.1/../../../../arm-none-eabi/lib/thumb/v7-m/nofp\libg_nano.a(libc_a-impure.o)
                0x000000002000001c                _impure_data
 *(.data_end .data_end.*)
 .data_end      0x0000000020000068        0x4 ./system/src/newlib/startup.o
                0x000000002000006c                . = ALIGN (0x4)
                0x000000002000006c                _edata = .
                0x000000002000006c                __data_end__ = .

.igot.plt       0x000000002000006c        0x0 load address 0x0000000008001cc8
 .igot.plt      0x000000002000006c        0x0 ./system/src/stm32f1-hal/stm32f1xx_hal.o

.bss_CCMRAM     0x0000000000000000        0x0
 *(.bss.CCMRAM .bss.CCMRAM.*)

.bss            0x000000002000006c      0x130
                0x000000002000006c                __bss_start__ = .
                0x000000002000006c                _sbss = .
 *(.bss_begin .bss_begin.*)
 .bss_begin     0x000000002000006c        0x4 ./system/src/newlib/startup.o
 *(.bss .bss.*)
 .bss.uwTick    0x0000000020000070        0x4 ./system/src/stm32f1-hal/stm32f1xx_hal.o
                0x0000000020000070                uwTick
 .bss.current_heap_end.0
                0x0000000020000074        0x4 ./system/src/newlib/sbrk.o
 .bss.name.0    0x0000000020000078        0x1 ./system/src/newlib/syscalls.o
 *fill*         0x0000000020000079        0x3 
 .bss.errno     0x000000002000007c        0x4 ./system/src/newlib/syscalls.o
                0x000000002000007c                errno
 .bss.buf.0     0x0000000020000080       0x80 ./system/src/diag/trace.o
 .bss.LCD1      0x0000000020000100       0x58 ./src/main.o
                0x0000000020000100                LCD1
 .bss.hadc1     0x0000000020000158       0x30 ./src/main.o
                0x0000000020000158                hadc1
 .bss.timer_delayCount
                0x0000000020000188        0x4 ./src/timer.o
                0x0000000020000188                timer_delayCount
 .bss.__malloc_sbrk_start
                0x000000002000018c        0x4 c:/users/admin/appdata/roaming/xpacks/@xpack-dev-tools/arm-none-eabi-gcc/12.2.1-1.2.1/.content/bin/../lib/gcc/arm-none-eabi/12.2.1/../../../../arm-none-eabi/lib/thumb/v7-m/nofp\libg_nano.a(libc_a-mallocr.o)
                0x000000002000018c                __malloc_sbrk_start
 .bss.__malloc_free_list
                0x0000000020000190        0x4 c:/users/admin/appdata/roaming/xpacks/@xpack-dev-tools/arm-none-eabi-gcc/12.2.1-1.2.1/.content/bin/../lib/gcc/arm-none-eabi/12.2.1/../../../../arm-none-eabi/lib/thumb/v7-m/nofp\libg_nano.a(libc_a-mallocr.o)
                0x0000000020000190                __malloc_free_list
 .bss.__lock___malloc_recursive_mutex
                0x0000000020000194        0x1 c:/users/admin/appdata/roaming/xpacks/@xpack-dev-tools/arm-none-eabi-gcc/12.2.1-1.2.1/.content/bin/../lib/gcc/arm-none-eabi/12.2.1/../../../../arm-none-eabi/lib/thumb/v7-m/nofp\libg_nano.a(libc_a-lock.o)
                0x0000000020000194                __lock___malloc_recursive_mutex
 *(COMMON)
 *(.bss_end .bss_end.*)
 *fill*         0x0000000020000195        0x3 
 .bss_end       0x0000000020000198        0x4 ./system/src/newlib/startup.o
                0x000000002000019c                . = ALIGN (0x4)
                0x000000002000019c                __bss_end__ = .
                0x000000002000019c                _ebss = .

.noinit_CCMRAM
 *(.noinit.CCMRAM .noinit.CCMRAM.*)

.noinit         0x000000002000019c        0x0
                0x000000002000019c                _noinit = .
 *(.noinit .noinit.*)
                0x000000002000019c                . = ALIGN (0x4)
                0x000000002000019c                _end_noinit = .
                [!provide]                        PROVIDE (end = _end_noinit)
                [!provide]                        PROVIDE (_end = _end_noinit)
                [!provide]                        PROVIDE (__end = _end_noinit)
                [!provide]                        PROVIDE (__end__ = _end_noinit)

._check_stack   0x000000002000019c      0x100
                0x000000002000029c                . = (. + _Minimum_Stack_Size)
 *fill*         0x000000002000019c      0x100 

.b1text
 *(.b1text)
 *(.b1rodata)
 *(.b1rodata.*)

.eb0text
 *(.eb0text)
 *(.eb0rodata)
 *(.eb0rodata.*)

.eb1text
 *(.eb1text)
 *(.eb1rodata)
 *(.eb1rodata.*)

.eb2text
 *(.eb2text)
 *(.eb2rodata)
 *(.eb2rodata.*)

.eb3text
 *(.eb3text)
 *(.eb3rodata)
 *(.eb3rodata.*)

.stab
 *(.stab)

.stabstr
 *(.stabstr)

.stab.excl
 *(.stab.excl)

.stab.exclstr
 *(.stab.exclstr)

.stab.index
 *(.stab.index)

.stab.indexstr
 *(.stab.indexstr)

.comment        0x0000000000000000       0x39
 *(.comment)
 .comment       0x0000000000000000       0x39 ./system/src/stm32f1-hal/stm32f1xx_hal.o
                                         0x3a (size before relaxing)
 .comment       0x0000000000000039       0x3a ./system/src/stm32f1-hal/stm32f1xx_hal_cortex.o
 .comment       0x0000000000000039       0x3a ./system/src/stm32f1-hal/stm32f1xx_hal_gpio.o
 .comment       0x0000000000000039       0x3a ./system/src/newlib/exit.o
 .comment       0x0000000000000039       0x3a ./system/src/newlib/sbrk.o
 .comment       0x0000000000000039       0x3a ./system/src/newlib/startup.o
 .comment       0x0000000000000039       0x3a ./system/src/newlib/syscalls.o
 .comment       0x0000000000000039       0x3a ./system/src/diag/trace-impl.o
 .comment       0x0000000000000039       0x3a ./system/src/diag/trace.o
 .comment       0x0000000000000039       0x3a ./system/src/cortexm/exception-handlers.o
 .comment       0x0000000000000039       0x3a ./system/src/cortexm/initialize-hardware.o
 .comment       0x0000000000000039       0x3a ./system/src/cmsis/system_stm32f1xx.o
 .comment       0x0000000000000039       0x3a ./system/src/cmsis/vectors_stm32f103x6.o
 .comment       0x0000000000000039       0x3a ./src/CLCD.o
 .comment       0x0000000000000039       0x3a ./src/initialize-hardware.o
 .comment       0x0000000000000039       0x3a ./src/main.o
 .comment       0x0000000000000039       0x3a ./src/stm32f1xx_hal_msp.o
 .comment       0x0000000000000039       0x3a ./src/timer.o
 .comment       0x0000000000000039       0x3a c:/users/admin/appdata/roaming/xpacks/@xpack-dev-tools/arm-none-eabi-gcc/12.2.1-1.2.1/.content/bin/../lib/gcc/arm-none-eabi/12.2.1/../../../../arm-none-eabi/lib/thumb/v7-m/nofp\libg_nano.a(libc_a-sprintf.o)
 .comment       0x0000000000000039       0x3a c:/users/admin/appdata/roaming/xpacks/@xpack-dev-tools/arm-none-eabi-gcc/12.2.1-1.2.1/.content/bin/../lib/gcc/arm-none-eabi/12.2.1/../../../../arm-none-eabi/lib/thumb/v7-m/nofp\libg_nano.a(libc_a-vsnprintf.o)
 .comment       0x0000000000000039       0x3a c:/users/admin/appdata/roaming/xpacks/@xpack-dev-tools/arm-none-eabi-gcc/12.2.1-1.2.1/.content/bin/../lib/gcc/arm-none-eabi/12.2.1/../../../../arm-none-eabi/lib/thumb/v7-m/nofp\libg_nano.a(libc_a-memset.o)
 .comment       0x0000000000000039       0x3a c:/users/admin/appdata/roaming/xpacks/@xpack-dev-tools/arm-none-eabi-gcc/12.2.1-1.2.1/.content/bin/../lib/gcc/arm-none-eabi/12.2.1/../../../../arm-none-eabi/lib/thumb/v7-m/nofp\libg_nano.a(libc_a-impure.o)
 .comment       0x0000000000000039       0x3a c:/users/admin/appdata/roaming/xpacks/@xpack-dev-tools/arm-none-eabi-gcc/12.2.1-1.2.1/.content/bin/../lib/gcc/arm-none-eabi/12.2.1/../../../../arm-none-eabi/lib/thumb/v7-m/nofp\libg_nano.a(libc_a-errno.o)
 .comment       0x0000000000000039       0x3a c:/users/admin/appdata/roaming/xpacks/@xpack-dev-tools/arm-none-eabi-gcc/12.2.1-1.2.1/.content/bin/../lib/gcc/arm-none-eabi/12.2.1/../../../../arm-none-eabi/lib/thumb/v7-m/nofp\libg_nano.a(libc_a-nano-svfprintf.o)
 .comment       0x0000000000000039       0x3a c:/users/admin/appdata/roaming/xpacks/@xpack-dev-tools/arm-none-eabi-gcc/12.2.1-1.2.1/.content/bin/../lib/gcc/arm-none-eabi/12.2.1/../../../../arm-none-eabi/lib/thumb/v7-m/nofp\libg_nano.a(libc_a-nano-vfprintf_i.o)
 .comment       0x0000000000000039       0x3a c:/users/admin/appdata/roaming/xpacks/@xpack-dev-tools/arm-none-eabi-gcc/12.2.1-1.2.1/.content/bin/../lib/gcc/arm-none-eabi/12.2.1/../../../../arm-none-eabi/lib/thumb/v7-m/nofp\libg_nano.a(libc_a-memmove.o)
 .comment       0x0000000000000039       0x3a c:/users/admin/appdata/roaming/xpacks/@xpack-dev-tools/arm-none-eabi-gcc/12.2.1-1.2.1/.content/bin/../lib/gcc/arm-none-eabi/12.2.1/../../../../arm-none-eabi/lib/thumb/v7-m/nofp\libg_nano.a(libc_a-memchr-stub.o)
 .comment       0x0000000000000039       0x3a c:/users/admin/appdata/roaming/xpacks/@xpack-dev-tools/arm-none-eabi-gcc/12.2.1-1.2.1/.content/bin/../lib/gcc/arm-none-eabi/12.2.1/../../../../arm-none-eabi/lib/thumb/v7-m/nofp\libg_nano.a(libc_a-memcpy-stub.o)
 .comment       0x0000000000000039       0x3a c:/users/admin/appdata/roaming/xpacks/@xpack-dev-tools/arm-none-eabi-gcc/12.2.1-1.2.1/.content/bin/../lib/gcc/arm-none-eabi/12.2.1/../../../../arm-none-eabi/lib/thumb/v7-m/nofp\libg_nano.a(libc_a-freer.o)
 .comment       0x0000000000000039       0x3a c:/users/admin/appdata/roaming/xpacks/@xpack-dev-tools/arm-none-eabi-gcc/12.2.1-1.2.1/.content/bin/../lib/gcc/arm-none-eabi/12.2.1/../../../../arm-none-eabi/lib/thumb/v7-m/nofp\libg_nano.a(libc_a-mallocr.o)
 .comment       0x0000000000000039       0x3a c:/users/admin/appdata/roaming/xpacks/@xpack-dev-tools/arm-none-eabi-gcc/12.2.1-1.2.1/.content/bin/../lib/gcc/arm-none-eabi/12.2.1/../../../../arm-none-eabi/lib/thumb/v7-m/nofp\libg_nano.a(libc_a-mlock.o)
 .comment       0x0000000000000039       0x3a c:/users/admin/appdata/roaming/xpacks/@xpack-dev-tools/arm-none-eabi-gcc/12.2.1-1.2.1/.content/bin/../lib/gcc/arm-none-eabi/12.2.1/../../../../arm-none-eabi/lib/thumb/v7-m/nofp\libg_nano.a(libc_a-reallocr.o)
 .comment       0x0000000000000039       0x3a c:/users/admin/appdata/roaming/xpacks/@xpack-dev-tools/arm-none-eabi-gcc/12.2.1-1.2.1/.content/bin/../lib/gcc/arm-none-eabi/12.2.1/../../../../arm-none-eabi/lib/thumb/v7-m/nofp\libg_nano.a(libc_a-sbrkr.o)
 .comment       0x0000000000000039       0x3a c:/users/admin/appdata/roaming/xpacks/@xpack-dev-tools/arm-none-eabi-gcc/12.2.1-1.2.1/.content/bin/../lib/gcc/arm-none-eabi/12.2.1/../../../../arm-none-eabi/lib/thumb/v7-m/nofp\libg_nano.a(libc_a-lock.o)
 .comment       0x0000000000000039       0x3a c:/users/admin/appdata/roaming/xpacks/@xpack-dev-tools/arm-none-eabi-gcc/12.2.1-1.2.1/.content/bin/../lib/gcc/arm-none-eabi/12.2.1/../../../../arm-none-eabi/lib/thumb/v7-m/nofp\libg_nano.a(libc_a-msizer.o)

.ARM.attributes
                0x0000000000000000       0x2b
 .ARM.attributes
                0x0000000000000000       0x2d ./system/src/stm32f1-hal/stm32f1xx_hal.o
 .ARM.attributes
                0x000000000000002d       0x2d ./system/src/stm32f1-hal/stm32f1xx_hal_cortex.o
 .ARM.attributes
                0x000000000000005a       0x2d ./system/src/stm32f1-hal/stm32f1xx_hal_gpio.o
 .ARM.attributes
                0x0000000000000087       0x2d ./system/src/newlib/exit.o
 .ARM.attributes
                0x00000000000000b4       0x2d ./system/src/newlib/sbrk.o
 .ARM.attributes
                0x00000000000000e1       0x2d ./system/src/newlib/startup.o
 .ARM.attributes
                0x000000000000010e       0x2d ./system/src/newlib/syscalls.o
 .ARM.attributes
                0x000000000000013b       0x2d ./system/src/diag/trace-impl.o
 .ARM.attributes
                0x0000000000000168       0x2d ./system/src/diag/trace.o
 .ARM.attributes
                0x0000000000000195       0x2d ./system/src/cortexm/exception-handlers.o
 .ARM.attributes
                0x00000000000001c2       0x2d ./system/src/cortexm/initialize-hardware.o
 .ARM.attributes
                0x00000000000001ef       0x2d ./system/src/cmsis/system_stm32f1xx.o
 .ARM.attributes
                0x000000000000021c       0x2d ./system/src/cmsis/vectors_stm32f103x6.o
 .ARM.attributes
                0x0000000000000249       0x2d ./src/CLCD.o
 .ARM.attributes
                0x0000000000000276       0x2d ./src/initialize-hardware.o
 .ARM.attributes
                0x00000000000002a3       0x2d ./src/main.o
 .ARM.attributes
                0x00000000000002d0       0x2d ./src/stm32f1xx_hal_msp.o
 .ARM.attributes
                0x00000000000002fd       0x2d ./src/timer.o
 .ARM.attributes
                0x000000000000032a       0x2d c:/users/admin/appdata/roaming/xpacks/@xpack-dev-tools/arm-none-eabi-gcc/12.2.1-1.2.1/.content/bin/../lib/gcc/arm-none-eabi/12.2.1/../../../../arm-none-eabi/lib/thumb/v7-m/nofp\libg_nano.a(libc_a-sprintf.o)
 .ARM.attributes
                0x0000000000000357       0x2d c:/users/admin/appdata/roaming/xpacks/@xpack-dev-tools/arm-none-eabi-gcc/12.2.1-1.2.1/.content/bin/../lib/gcc/arm-none-eabi/12.2.1/../../../../arm-none-eabi/lib/thumb/v7-m/nofp\libg_nano.a(libc_a-vsnprintf.o)
 .ARM.attributes
                0x0000000000000384       0x2d c:/users/admin/appdata/roaming/xpacks/@xpack-dev-tools/arm-none-eabi-gcc/12.2.1-1.2.1/.content/bin/../lib/gcc/arm-none-eabi/12.2.1/../../../../arm-none-eabi/lib/thumb/v7-m/nofp\libg_nano.a(libc_a-memset.o)
 .ARM.attributes
                0x00000000000003b1       0x2d c:/users/admin/appdata/roaming/xpacks/@xpack-dev-tools/arm-none-eabi-gcc/12.2.1-1.2.1/.content/bin/../lib/gcc/arm-none-eabi/12.2.1/../../../../arm-none-eabi/lib/thumb/v7-m/nofp\libg_nano.a(libc_a-impure.o)
 .ARM.attributes
                0x00000000000003de       0x2d c:/users/admin/appdata/roaming/xpacks/@xpack-dev-tools/arm-none-eabi-gcc/12.2.1-1.2.1/.content/bin/../lib/gcc/arm-none-eabi/12.2.1/../../../../arm-none-eabi/lib/thumb/v7-m/nofp\libg_nano.a(libc_a-errno.o)
 .ARM.attributes
                0x000000000000040b       0x2d c:/users/admin/appdata/roaming/xpacks/@xpack-dev-tools/arm-none-eabi-gcc/12.2.1-1.2.1/.content/bin/../lib/gcc/arm-none-eabi/12.2.1/../../../../arm-none-eabi/lib/thumb/v7-m/nofp\libg_nano.a(libc_a-nano-svfprintf.o)
 .ARM.attributes
                0x0000000000000438       0x2d c:/users/admin/appdata/roaming/xpacks/@xpack-dev-tools/arm-none-eabi-gcc/12.2.1-1.2.1/.content/bin/../lib/gcc/arm-none-eabi/12.2.1/../../../../arm-none-eabi/lib/thumb/v7-m/nofp\libg_nano.a(libc_a-nano-vfprintf_i.o)
 .ARM.attributes
                0x0000000000000465       0x2d c:/users/admin/appdata/roaming/xpacks/@xpack-dev-tools/arm-none-eabi-gcc/12.2.1-1.2.1/.content/bin/../lib/gcc/arm-none-eabi/12.2.1/../../../../arm-none-eabi/lib/thumb/v7-m/nofp\libg_nano.a(libc_a-memmove.o)
 .ARM.attributes
                0x0000000000000492       0x2d c:/users/admin/appdata/roaming/xpacks/@xpack-dev-tools/arm-none-eabi-gcc/12.2.1-1.2.1/.content/bin/../lib/gcc/arm-none-eabi/12.2.1/../../../../arm-none-eabi/lib/thumb/v7-m/nofp\libg_nano.a(libc_a-memchr-stub.o)
 .ARM.attributes
                0x00000000000004bf       0x2d c:/users/admin/appdata/roaming/xpacks/@xpack-dev-tools/arm-none-eabi-gcc/12.2.1-1.2.1/.content/bin/../lib/gcc/arm-none-eabi/12.2.1/../../../../arm-none-eabi/lib/thumb/v7-m/nofp\libg_nano.a(libc_a-memcpy-stub.o)
 .ARM.attributes
                0x00000000000004ec       0x2d c:/users/admin/appdata/roaming/xpacks/@xpack-dev-tools/arm-none-eabi-gcc/12.2.1-1.2.1/.content/bin/../lib/gcc/arm-none-eabi/12.2.1/../../../../arm-none-eabi/lib/thumb/v7-m/nofp\libg_nano.a(libc_a-freer.o)
 .ARM.attributes
                0x0000000000000519       0x2d c:/users/admin/appdata/roaming/xpacks/@xpack-dev-tools/arm-none-eabi-gcc/12.2.1-1.2.1/.content/bin/../lib/gcc/arm-none-eabi/12.2.1/../../../../arm-none-eabi/lib/thumb/v7-m/nofp\libg_nano.a(libc_a-mallocr.o)
 .ARM.attributes
                0x0000000000000546       0x2d c:/users/admin/appdata/roaming/xpacks/@xpack-dev-tools/arm-none-eabi-gcc/12.2.1-1.2.1/.content/bin/../lib/gcc/arm-none-eabi/12.2.1/../../../../arm-none-eabi/lib/thumb/v7-m/nofp\libg_nano.a(libc_a-mlock.o)
 .ARM.attributes
                0x0000000000000573       0x2d c:/users/admin/appdata/roaming/xpacks/@xpack-dev-tools/arm-none-eabi-gcc/12.2.1-1.2.1/.content/bin/../lib/gcc/arm-none-eabi/12.2.1/../../../../arm-none-eabi/lib/thumb/v7-m/nofp\libg_nano.a(libc_a-reallocr.o)
 .ARM.attributes
                0x00000000000005a0       0x2d c:/users/admin/appdata/roaming/xpacks/@xpack-dev-tools/arm-none-eabi-gcc/12.2.1-1.2.1/.content/bin/../lib/gcc/arm-none-eabi/12.2.1/../../../../arm-none-eabi/lib/thumb/v7-m/nofp\libg_nano.a(libc_a-sbrkr.o)
 .ARM.attributes
                0x00000000000005cd       0x2d c:/users/admin/appdata/roaming/xpacks/@xpack-dev-tools/arm-none-eabi-gcc/12.2.1-1.2.1/.content/bin/../lib/gcc/arm-none-eabi/12.2.1/../../../../arm-none-eabi/lib/thumb/v7-m/nofp\libg_nano.a(libc_a-lock.o)
 .ARM.attributes
                0x00000000000005fa       0x2d c:/users/admin/appdata/roaming/xpacks/@xpack-dev-tools/arm-none-eabi-gcc/12.2.1-1.2.1/.content/bin/../lib/gcc/arm-none-eabi/12.2.1/../../../../arm-none-eabi/lib/thumb/v7-m/nofp\libg_nano.a(libc_a-msizer.o)

.debug
 *(.debug)

.line
 *(.line)

.debug_srcinfo
 *(.debug_srcinfo)

.debug_sfnames
 *(.debug_sfnames)

.debug_aranges  0x0000000000000000      0x578
 *(.debug_aranges)
 .debug_aranges
                0x0000000000000000       0xe0 ./system/src/stm32f1-hal/stm32f1xx_hal.o
 .debug_aranges
                0x00000000000000e0       0xc0 ./system/src/stm32f1-hal/stm32f1xx_hal_cortex.o
 .debug_aranges
                0x00000000000001a0       0x58 ./system/src/stm32f1-hal/stm32f1xx_hal_gpio.o
 .debug_aranges
                0x00000000000001f8       0x28 ./system/src/newlib/exit.o
 .debug_aranges
                0x0000000000000220       0x20 ./system/src/newlib/sbrk.o
 .debug_aranges
                0x0000000000000240       0x40 ./system/src/newlib/startup.o
 .debug_aranges
                0x0000000000000280       0x30 ./system/src/newlib/syscalls.o
 .debug_aranges
                0x00000000000002b0       0x30 ./system/src/diag/trace-impl.o
 .debug_aranges
                0x00000000000002e0       0x38 ./system/src/diag/trace.o
 .debug_aranges
                0x0000000000000318       0x90 ./system/src/cortexm/exception-handlers.o
 .debug_aranges
                0x00000000000003a8       0x28 ./system/src/cortexm/initialize-hardware.o
 .debug_aranges
                0x00000000000003d0       0x28 ./system/src/cmsis/system_stm32f1xx.o
 .debug_aranges
                0x00000000000003f8       0x20 ./system/src/cmsis/vectors_stm32f103x6.o
 .debug_aranges
                0x0000000000000418       0x88 ./src/CLCD.o
 .debug_aranges
                0x00000000000004a0       0x30 ./src/initialize-hardware.o
 .debug_aranges
                0x00000000000004d0       0x38 ./src/main.o
 .debug_aranges
                0x0000000000000508       0x38 ./src/stm32f1xx_hal_msp.o
 .debug_aranges
                0x0000000000000540       0x38 ./src/timer.o

.debug_pubnames
 *(.debug_pubnames)

.debug_info     0x0000000000000000     0x644d
 *(.debug_info .gnu.linkonce.wi.*)
 .debug_info    0x0000000000000000      0x7c5 ./system/src/stm32f1-hal/stm32f1xx_hal.o
 .debug_info    0x00000000000007c5      0xdc7 ./system/src/stm32f1-hal/stm32f1xx_hal_cortex.o
 .debug_info    0x000000000000158c      0x831 ./system/src/stm32f1-hal/stm32f1xx_hal_gpio.o
 .debug_info    0x0000000000001dbd      0x104 ./system/src/newlib/exit.o
 .debug_info    0x0000000000001ec1      0x10f ./system/src/newlib/sbrk.o
 .debug_info    0x0000000000001fd0      0x48f ./system/src/newlib/startup.o
 .debug_info    0x000000000000245f      0x1c3 ./system/src/newlib/syscalls.o
 .debug_info    0x0000000000002622      0x319 ./system/src/diag/trace-impl.o
 .debug_info    0x000000000000293b      0x34b ./system/src/diag/trace.o
 .debug_info    0x0000000000002c86      0x905 ./system/src/cortexm/exception-handlers.o
 .debug_info    0x000000000000358b      0x278 ./system/src/cortexm/initialize-hardware.o
 .debug_info    0x0000000000003803      0x217 ./system/src/cmsis/system_stm32f1xx.o
 .debug_info    0x0000000000003a1a      0x10a ./system/src/cmsis/vectors_stm32f103x6.o
 .debug_info    0x0000000000003b24      0xe7f ./src/CLCD.o
 .debug_info    0x00000000000049a3      0x1fa ./src/initialize-hardware.o
 .debug_info    0x0000000000004b9d     0x11f0 ./src/main.o
 .debug_info    0x0000000000005d8d       0xb8 ./src/stm32f1xx_hal_msp.o
 .debug_info    0x0000000000005e45      0x608 ./src/timer.o

.debug_abbrev   0x0000000000000000     0x1e1f
 *(.debug_abbrev)
 .debug_abbrev  0x0000000000000000      0x237 ./system/src/stm32f1-hal/stm32f1xx_hal.o
 .debug_abbrev  0x0000000000000237      0x3d3 ./system/src/stm32f1-hal/stm32f1xx_hal_cortex.o
 .debug_abbrev  0x000000000000060a      0x236 ./system/src/stm32f1-hal/stm32f1xx_hal_gpio.o
 .debug_abbrev  0x0000000000000840       0xc5 ./system/src/newlib/exit.o
 .debug_abbrev  0x0000000000000905       0xcc ./system/src/newlib/sbrk.o
 .debug_abbrev  0x00000000000009d1      0x20e ./system/src/newlib/startup.o
 .debug_abbrev  0x0000000000000bdf      0x118 ./system/src/newlib/syscalls.o
 .debug_abbrev  0x0000000000000cf7      0x1e6 ./system/src/diag/trace-impl.o
 .debug_abbrev  0x0000000000000edd      0x184 ./system/src/diag/trace.o
 .debug_abbrev  0x0000000000001061      0x28c ./system/src/cortexm/exception-handlers.o
 .debug_abbrev  0x00000000000012ed      0x105 ./system/src/cortexm/initialize-hardware.o
 .debug_abbrev  0x00000000000013f2      0x146 ./system/src/cmsis/system_stm32f1xx.o
 .debug_abbrev  0x0000000000001538       0xb8 ./system/src/cmsis/vectors_stm32f103x6.o
 .debug_abbrev  0x00000000000015f0      0x21a ./src/CLCD.o
 .debug_abbrev  0x000000000000180a      0x146 ./src/initialize-hardware.o
 .debug_abbrev  0x0000000000001950      0x292 ./src/main.o
 .debug_abbrev  0x0000000000001be2       0x47 ./src/stm32f1xx_hal_msp.o
 .debug_abbrev  0x0000000000001c29      0x1f6 ./src/timer.o

.debug_line     0x0000000000000000     0x8a41
 *(.debug_line)
 .debug_line    0x0000000000000000      0x94d ./system/src/stm32f1-hal/stm32f1xx_hal.o
 .debug_line    0x000000000000094d      0xcb1 ./system/src/stm32f1-hal/stm32f1xx_hal_cortex.o
 .debug_line    0x00000000000015fe      0xad4 ./system/src/stm32f1-hal/stm32f1xx_hal_gpio.o
 .debug_line    0x00000000000020d2      0x406 ./system/src/newlib/exit.o
 .debug_line    0x00000000000024d8      0x3f7 ./system/src/newlib/sbrk.o
 .debug_line    0x00000000000028cf      0x62d ./system/src/newlib/startup.o
 .debug_line    0x0000000000002efc      0x54c ./system/src/newlib/syscalls.o
 .debug_line    0x0000000000003448      0x9f4 ./system/src/diag/trace-impl.o
 .debug_line    0x0000000000003e3c      0x4e1 ./system/src/diag/trace.o
 .debug_line    0x000000000000431d      0xc3c ./system/src/cortexm/exception-handlers.o
 .debug_line    0x0000000000004f59      0x659 ./system/src/cortexm/initialize-hardware.o
 .debug_line    0x00000000000055b2      0x6da ./system/src/cmsis/system_stm32f1xx.o
 .debug_line    0x0000000000005c8c      0x142 ./system/src/cmsis/vectors_stm32f103x6.o
 .debug_line    0x0000000000005dce      0xae4 ./src/CLCD.o
 .debug_line    0x00000000000068b2      0x939 ./src/initialize-hardware.o
 .debug_line    0x00000000000071eb      0xb01 ./src/main.o
 .debug_line    0x0000000000007cec      0x649 ./src/stm32f1xx_hal_msp.o
 .debug_line    0x0000000000008335      0x70c ./src/timer.o

.debug_frame    0x0000000000000000      0xbb4
 *(.debug_frame)
 .debug_frame   0x0000000000000000      0x1d0 ./system/src/stm32f1-hal/stm32f1xx_hal.o
 .debug_frame   0x00000000000001d0      0x1dc ./system/src/stm32f1-hal/stm32f1xx_hal_cortex.o
 .debug_frame   0x00000000000003ac       0xfc ./system/src/stm32f1-hal/stm32f1xx_hal_gpio.o
 .debug_frame   0x00000000000004a8       0x38 ./system/src/newlib/exit.o
 .debug_frame   0x00000000000004e0       0x28 ./system/src/newlib/sbrk.o
 .debug_frame   0x0000000000000508       0x7c ./system/src/newlib/startup.o
 .debug_frame   0x0000000000000584       0x50 ./system/src/newlib/syscalls.o
 .debug_frame   0x00000000000005d4       0x64 ./system/src/diag/trace-impl.o
 .debug_frame   0x0000000000000638       0x94 ./system/src/diag/trace.o
 .debug_frame   0x00000000000006cc      0x158 ./system/src/cortexm/exception-handlers.o
 .debug_frame   0x0000000000000824       0x40 ./system/src/cortexm/initialize-hardware.o
 .debug_frame   0x0000000000000864       0x30 ./system/src/cmsis/system_stm32f1xx.o
 .debug_frame   0x0000000000000894       0x20 ./system/src/cmsis/vectors_stm32f103x6.o
 .debug_frame   0x00000000000008b4      0x178 ./src/CLCD.o
 .debug_frame   0x0000000000000a2c       0x58 ./src/initialize-hardware.o
 .debug_frame   0x0000000000000a84       0x88 ./src/main.o
 .debug_frame   0x0000000000000b0c       0x50 ./src/stm32f1xx_hal_msp.o
 .debug_frame   0x0000000000000b5c       0x58 ./src/timer.o

.debug_str      0x0000000000000000    0x9c0cc
 *(.debug_str)
 .debug_str     0x0000000000000000    0x93860 ./system/src/stm32f1-hal/stm32f1xx_hal.o
                                      0x93cf6 (size before relaxing)
 .debug_str     0x0000000000093860      0x2b1 ./system/src/stm32f1-hal/stm32f1xx_hal_cortex.o
                                      0x93c26 (size before relaxing)
 .debug_str     0x0000000000093b11      0x39b ./system/src/stm32f1-hal/stm32f1xx_hal_gpio.o
                                      0x93978 (size before relaxing)
 .debug_str     0x0000000000093eac     0x4995 ./system/src/newlib/exit.o
                                       0x7bda (size before relaxing)
 .debug_str     0x0000000000098841      0x4df ./system/src/newlib/sbrk.o
                                       0x6fbd (size before relaxing)
 .debug_str     0x0000000000098d20      0x265 ./system/src/newlib/startup.o
                                       0x6669 (size before relaxing)
 .debug_str     0x0000000000098f85     0x153e ./system/src/newlib/syscalls.o
                                       0x8f77 (size before relaxing)
 .debug_str     0x000000000009a4c3      0x387 ./system/src/diag/trace-impl.o
                                      0x9704a (size before relaxing)
 .debug_str     0x000000000009a84a      0x7f6 ./system/src/diag/trace.o
                                       0x834e (size before relaxing)
 .debug_str     0x000000000009b040      0x19d ./system/src/cortexm/exception-handlers.o
                                      0x98320 (size before relaxing)
 .debug_str     0x000000000009b1dd       0x5d ./system/src/cortexm/initialize-hardware.o
                                      0x9362a (size before relaxing)
 .debug_str     0x000000000009b23a       0x55 ./system/src/cmsis/system_stm32f1xx.o
                                      0x935ef (size before relaxing)
 .debug_str     0x000000000009b28f       0x59 ./system/src/cmsis/vectors_stm32f103x6.o
                                       0x39df (size before relaxing)
 .debug_str     0x000000000009b2e8      0x44d ./src/CLCD.o
                                      0x939f2 (size before relaxing)
 .debug_str     0x000000000009b735       0x49 ./src/initialize-hardware.o
                                      0x96dc4 (size before relaxing)
 .debug_str     0x000000000009b77e      0x89b ./src/main.o
                                      0x99371 (size before relaxing)
 .debug_str     0x000000000009c019       0x3d ./src/stm32f1xx_hal_msp.o
                                      0x9356a (size before relaxing)
 .debug_str     0x000000000009c056       0x76 ./src/timer.o
                                      0x939dc (size before relaxing)

.debug_loc
 *(.debug_loc)

.debug_macinfo
 *(.debug_macinfo)

.debug_weaknames
 *(.debug_weaknames)

.debug_funcnames
 *(.debug_funcnames)

.debug_typenames
 *(.debug_typenames)

.debug_varnames
 *(.debug_varnames)
OUTPUT(Hello1.elf elf32-littlearm)
LOAD linker stubs

.debug_loclists
                0x0000000000000000     0x1582
 .debug_loclists
                0x0000000000000000       0xbe ./system/src/stm32f1-hal/stm32f1xx_hal.o
 .debug_loclists
                0x00000000000000be      0x490 ./system/src/stm32f1-hal/stm32f1xx_hal_cortex.o
 .debug_loclists
                0x000000000000054e      0x3ad ./system/src/stm32f1-hal/stm32f1xx_hal_gpio.o
 .debug_loclists
                0x00000000000008fb       0x17 ./system/src/newlib/exit.o
 .debug_loclists
                0x0000000000000912       0x69 ./system/src/newlib/sbrk.o
 .debug_loclists
                0x000000000000097b      0x1bc ./system/src/newlib/startup.o
 .debug_loclists
                0x0000000000000b37       0x51 ./system/src/newlib/syscalls.o
 .debug_loclists
                0x0000000000000b88       0xf5 ./system/src/diag/trace-impl.o
 .debug_loclists
                0x0000000000000c7d       0xb2 ./system/src/diag/trace.o
 .debug_loclists
                0x0000000000000d2f      0x203 ./system/src/cortexm/exception-handlers.o
 .debug_loclists
                0x0000000000000f32       0xa5 ./system/src/cmsis/system_stm32f1xx.o
 .debug_loclists
                0x0000000000000fd7      0x4fb ./src/CLCD.o
 .debug_loclists
                0x00000000000014d2       0x48 ./src/initialize-hardware.o
 .debug_loclists
                0x000000000000151a       0x21 ./src/main.o
 .debug_loclists
                0x000000000000153b       0x47 ./src/timer.o

.debug_rnglists
                0x0000000000000000      0x41f
 .debug_rnglists
                0x0000000000000000       0xa3 ./system/src/stm32f1-hal/stm32f1xx_hal.o
 .debug_rnglists
                0x00000000000000a3       0xc7 ./system/src/stm32f1-hal/stm32f1xx_hal_cortex.o
 .debug_rnglists
                0x000000000000016a       0x3f ./system/src/stm32f1-hal/stm32f1xx_hal_gpio.o
 .debug_rnglists
                0x00000000000001a9       0x19 ./system/src/newlib/exit.o
 .debug_rnglists
                0x00000000000001c2       0x13 ./system/src/newlib/sbrk.o
 .debug_rnglists
                0x00000000000001d5       0x2c ./system/src/newlib/startup.o
 .debug_rnglists
                0x0000000000000201       0x1f ./system/src/newlib/syscalls.o
 .debug_rnglists
                0x0000000000000220       0x2b ./system/src/diag/trace-impl.o
 .debug_rnglists
                0x000000000000024b       0x25 ./system/src/diag/trace.o
 .debug_rnglists
                0x0000000000000270       0x74 ./system/src/cortexm/exception-handlers.o
 .debug_rnglists
                0x00000000000002e4       0x19 ./system/src/cortexm/initialize-hardware.o
 .debug_rnglists
                0x00000000000002fd       0x1a ./system/src/cmsis/system_stm32f1xx.o
 .debug_rnglists
                0x0000000000000317       0x13 ./system/src/cmsis/vectors_stm32f103x6.o
 .debug_rnglists
                0x000000000000032a       0x65 ./src/CLCD.o
 .debug_rnglists
                0x000000000000038f       0x1f ./src/initialize-hardware.o
 .debug_rnglists
                0x00000000000003ae       0x27 ./src/main.o
 .debug_rnglists
                0x00000000000003d5       0x25 ./src/stm32f1xx_hal_msp.o
 .debug_rnglists
                0x00000000000003fa       0x25 ./src/timer.o

.debug_macro    0x0000000000000000    0x1ab85
 .debug_macro   0x0000000000000000      0x2a6 ./system/src/stm32f1-hal/stm32f1xx_hal.o
 .debug_macro   0x00000000000002a6      0xaba ./system/src/stm32f1-hal/stm32f1xx_hal.o
 .debug_macro   0x0000000000000d60      0x2c8 ./system/src/stm32f1-hal/stm32f1xx_hal.o
 .debug_macro   0x0000000000001028       0x2e ./system/src/stm32f1-hal/stm32f1xx_hal.o
 .debug_macro   0x0000000000001056       0x22 ./system/src/stm32f1-hal/stm32f1xx_hal.o
 .debug_macro   0x0000000000001078      0x34e ./system/src/stm32f1-hal/stm32f1xx_hal.o
 .debug_macro   0x00000000000013c6       0x1c ./system/src/stm32f1-hal/stm32f1xx_hal.o
 .debug_macro   0x00000000000013e2       0x22 ./system/src/stm32f1-hal/stm32f1xx_hal.o
 .debug_macro   0x0000000000001404       0xbd ./system/src/stm32f1-hal/stm32f1xx_hal.o
 .debug_macro   0x00000000000014c1      0xd23 ./system/src/stm32f1-hal/stm32f1xx_hal.o
 .debug_macro   0x00000000000021e4     0xde6e ./system/src/stm32f1-hal/stm32f1xx_hal.o
 .debug_macro   0x0000000000010052       0x43 ./system/src/stm32f1-hal/stm32f1xx_hal.o
 .debug_macro   0x0000000000010095     0x3468 ./system/src/stm32f1-hal/stm32f1xx_hal.o
 .debug_macro   0x00000000000134fd      0x189 ./system/src/stm32f1-hal/stm32f1xx_hal.o
 .debug_macro   0x0000000000013686       0x5c ./system/src/stm32f1-hal/stm32f1xx_hal.o
 .debug_macro   0x00000000000136e2      0x5be ./system/src/stm32f1-hal/stm32f1xx_hal.o
 .debug_macro   0x0000000000013ca0      0x1b7 ./system/src/stm32f1-hal/stm32f1xx_hal.o
 .debug_macro   0x0000000000013e57      0x1cb ./system/src/stm32f1-hal/stm32f1xx_hal.o
 .debug_macro   0x0000000000014022      0x114 ./system/src/stm32f1-hal/stm32f1xx_hal.o
 .debug_macro   0x0000000000014136      0x1b2 ./system/src/stm32f1-hal/stm32f1xx_hal.o
 .debug_macro   0x00000000000142e8       0x27 ./system/src/stm32f1-hal/stm32f1xx_hal.o
 .debug_macro   0x000000000001430f      0x12f ./system/src/stm32f1-hal/stm32f1xx_hal.o
 .debug_macro   0x000000000001443e      0x1bc ./system/src/stm32f1-hal/stm32f1xx_hal.o
 .debug_macro   0x00000000000145fa       0x34 ./system/src/stm32f1-hal/stm32f1xx_hal.o
 .debug_macro   0x000000000001462e       0x3c ./system/src/stm32f1-hal/stm32f1xx_hal.o
 .debug_macro   0x000000000001466a      0x408 ./system/src/stm32f1-hal/stm32f1xx_hal.o
 .debug_macro   0x0000000000014a72       0x57 ./system/src/stm32f1-hal/stm32f1xx_hal.o
 .debug_macro   0x0000000000014ac9      0x46a ./system/src/stm32f1-hal/stm32f1xx_hal.o
 .debug_macro   0x0000000000014f33      0x1b5 ./system/src/stm32f1-hal/stm32f1xx_hal.o
 .debug_macro   0x00000000000150e8       0x22 ./system/src/stm32f1-hal/stm32f1xx_hal.o
 .debug_macro   0x000000000001510a       0x88 ./system/src/stm32f1-hal/stm32f1xx_hal.o
 .debug_macro   0x0000000000015192      0x183 ./system/src/stm32f1-hal/stm32f1xx_hal.o
 .debug_macro   0x0000000000015315      0x287 ./system/src/stm32f1-hal/stm32f1xx_hal.o
 .debug_macro   0x000000000001559c       0x78 ./system/src/stm32f1-hal/stm32f1xx_hal.o
 .debug_macro   0x0000000000015614      0x141 ./system/src/stm32f1-hal/stm32f1xx_hal.o
 .debug_macro   0x0000000000015755      0x1ef ./system/src/stm32f1-hal/stm32f1xx_hal.o
 .debug_macro   0x0000000000015944       0xec ./system/src/stm32f1-hal/stm32f1xx_hal.o
 .debug_macro   0x0000000000015a30      0x217 ./system/src/stm32f1-hal/stm32f1xx_hal.o
 .debug_macro   0x0000000000015c47      0x8d1 ./system/src/stm32f1-hal/stm32f1xx_hal.o
 .debug_macro   0x0000000000016518      0x26b ./system/src/stm32f1-hal/stm32f1xx_hal.o
 .debug_macro   0x0000000000016783      0x217 ./system/src/stm32f1-hal/stm32f1xx_hal.o
 .debug_macro   0x000000000001699a      0x1a7 ./system/src/stm32f1-hal/stm32f1xx_hal.o
 .debug_macro   0x0000000000016b41      0x2cd ./system/src/stm32f1-hal/stm32f1xx_hal.o
 .debug_macro   0x0000000000016e0e       0x8d ./system/src/stm32f1-hal/stm32f1xx_hal.o
 .debug_macro   0x0000000000016e9b       0x65 ./system/src/stm32f1-hal/stm32f1xx_hal.o
 .debug_macro   0x0000000000016f00      0x249 ./system/src/stm32f1-hal/stm32f1xx_hal.o
 .debug_macro   0x0000000000017149       0x69 ./system/src/stm32f1-hal/stm32f1xx_hal.o
 .debug_macro   0x00000000000171b2      0x282 ./system/src/stm32f1-hal/stm32f1xx_hal_cortex.o
 .debug_macro   0x0000000000017434      0x2ed ./system/src/stm32f1-hal/stm32f1xx_hal_gpio.o
 .debug_macro   0x0000000000017721      0x1ae ./system/src/newlib/exit.o
 .debug_macro   0x00000000000178cf      0x163 ./system/src/newlib/sbrk.o
 .debug_macro   0x0000000000017a32       0x10 ./system/src/newlib/sbrk.o
 .debug_macro   0x0000000000017a42      0x23c ./system/src/newlib/sbrk.o
 .debug_macro   0x0000000000017c7e      0x15f ./system/src/newlib/startup.o
 .debug_macro   0x0000000000017ddd      0x239 ./system/src/newlib/syscalls.o
 .debug_macro   0x0000000000018016       0x1c ./system/src/newlib/syscalls.o
 .debug_macro   0x0000000000018032       0x10 ./system/src/newlib/syscalls.o
 .debug_macro   0x0000000000018042       0x10 ./system/src/newlib/syscalls.o
 .debug_macro   0x0000000000018052       0x10 ./system/src/newlib/syscalls.o
 .debug_macro   0x0000000000018062       0x35 ./system/src/newlib/syscalls.o
 .debug_macro   0x0000000000018097      0x12c ./system/src/newlib/syscalls.o
 .debug_macro   0x00000000000181c3       0xce ./system/src/newlib/syscalls.o
 .debug_macro   0x0000000000018291       0x7c ./system/src/newlib/syscalls.o
 .debug_macro   0x000000000001830d       0x17 ./system/src/newlib/syscalls.o
 .debug_macro   0x0000000000018324      0x118 ./system/src/newlib/syscalls.o
 .debug_macro   0x000000000001843c      0x18a ./system/src/newlib/syscalls.o
 .debug_macro   0x00000000000185c6       0x16 ./system/src/newlib/syscalls.o
 .debug_macro   0x00000000000185dc      0x3e2 ./system/src/diag/trace-impl.o
 .debug_macro   0x00000000000189be       0x10 ./system/src/diag/trace-impl.o
 .debug_macro   0x00000000000189ce       0x22 ./system/src/diag/trace-impl.o
 .debug_macro   0x00000000000189f0      0x1f4 ./system/src/diag/trace.o
 .debug_macro   0x0000000000018be4       0x16 ./system/src/diag/trace.o
 .debug_macro   0x0000000000018bfa       0x9e ./system/src/diag/trace.o
 .debug_macro   0x0000000000018c98      0x10b ./system/src/diag/trace.o
 .debug_macro   0x0000000000018da3       0x10 ./system/src/diag/trace.o
 .debug_macro   0x0000000000018db3       0x16 ./system/src/diag/trace.o
 .debug_macro   0x0000000000018dc9       0x16 ./system/src/diag/trace.o
 .debug_macro   0x0000000000018ddf      0x170 ./system/src/diag/trace.o
 .debug_macro   0x0000000000018f4f       0x4c ./system/src/diag/trace.o
 .debug_macro   0x0000000000018f9b       0xc1 ./system/src/diag/trace.o
 .debug_macro   0x000000000001905c       0x16 ./system/src/diag/trace.o
 .debug_macro   0x0000000000019072      0x440 ./system/src/cortexm/exception-handlers.o
 .debug_macro   0x00000000000194b2       0x10 ./system/src/cortexm/exception-handlers.o
 .debug_macro   0x00000000000194c2      0x28c ./system/src/cortexm/initialize-hardware.o
 .debug_macro   0x000000000001974e      0x282 ./system/src/cmsis/system_stm32f1xx.o
 .debug_macro   0x00000000000199d0       0x34 ./system/src/cmsis/vectors_stm32f103x6.o
 .debug_macro   0x0000000000019a04      0x291 ./src/CLCD.o
 .debug_macro   0x0000000000019c95       0xb8 ./src/CLCD.o
 .debug_macro   0x0000000000019d4d      0x3c7 ./src/initialize-hardware.o
 .debug_macro   0x000000000001a114      0x4e4 ./src/main.o
 .debug_macro   0x000000000001a5f8       0x56 ./src/main.o
 .debug_macro   0x000000000001a64e      0x282 ./src/stm32f1xx_hal_msp.o
 .debug_macro   0x000000000001a8d0      0x2a5 ./src/timer.o
 .debug_macro   0x000000000001ab75       0x10 ./src/timer.o
